../Drivers/CMSIS/Include/core_cm4.h:2059:26:ITM_SendChar	4
../Drivers/STM32G4xx_HAL_Driver/Inc/stm32g4xx_ll_dma.h:517:22:LL_DMA_EnableChannel	1
../Drivers/STM32G4xx_HAL_Driver/Inc/stm32g4xx_ll_dma.h:539:22:LL_DMA_DisableChannel	1
../Drivers/STM32G4xx_HAL_Driver/Inc/stm32g4xx_ll_dma.h:599:22:LL_DMA_ConfigTransfer	1
../Drivers/STM32G4xx_HAL_Driver/Inc/stm32g4xx_ll_dma.h:655:26:LL_DMA_GetDataTransferDirection	1
../Drivers/STM32G4xx_HAL_Driver/Inc/stm32g4xx_ll_dma.h:997:22:LL_DMA_SetDataLength	1
../Drivers/STM32G4xx_HAL_Driver/Inc/stm32g4xx_ll_dma.h:1054:22:LL_DMA_ConfigAddresses	2
../Drivers/STM32G4xx_HAL_Driver/Inc/stm32g4xx_ll_dma.h:2356:22:LL_DMA_EnableIT_TC	1
../Drivers/STM32G4xx_HAL_Driver/Inc/stm32g4xx_ll_tim.h:2023:22:LL_TIM_EnableCounter	1
../Drivers/STM32G4xx_HAL_Driver/Inc/stm32g4xx_ll_tim.h:2034:22:LL_TIM_DisableCounter	1
../Drivers/STM32G4xx_HAL_Driver/Inc/stm32g4xx_ll_tim.h:2203:22:LL_TIM_EnableARRPreload	1
../Drivers/STM32G4xx_HAL_Driver/Inc/stm32g4xx_ll_tim.h:2277:22:LL_TIM_SetCounter	1
../Drivers/STM32G4xx_HAL_Driver/Inc/stm32g4xx_ll_tim.h:2604:22:LL_TIM_CC_EnableChannel	1
../Drivers/STM32G4xx_HAL_Driver/Inc/stm32g4xx_ll_tim.h:4971:22:LL_TIM_ConfigDMABurst	1
../Drivers/STM32G4xx_HAL_Driver/Inc/stm32g4xx_ll_tim.h:5455:22:LL_TIM_ClearFlag_UPDATE	1
../Drivers/STM32G4xx_HAL_Driver/Inc/stm32g4xx_ll_tim.h:5954:22:LL_TIM_EnableIT_CC1	1
../Drivers/STM32G4xx_HAL_Driver/Inc/stm32g4xx_ll_tim.h:6348:22:LL_TIM_EnableDMAReq_UPDATE	1
../Core/Src/main.c:754:5:__io_putchar	1
../Core/Src/main.c:758:6:SetLine	2
../Core/Src/main.c:785:6:HAL_TIM_IC_CaptureCallback	14
../Core/Src/main.c:869:6:dmaComp	1
../Core/Src/main.c:887:6:mspTxProc	2
../Core/Src/main.c:900:10:mspRxProc	13
../Core/Src/main.c:956:6:timer16_start	1
../Core/Src/main.c:975:5:main	14
../Core/Src/main.c:1128:6:SystemClock_Config	3
../Core/Src/main.c:1174:13:MX_COMP2_Init	2
../Core/Src/main.c:1206:13:MX_DAC1_Init	3
../Core/Src/main.c:1253:13:MX_DAC3_Init	4
../Core/Src/main.c:1307:13:MX_OPAMP1_Init	2
../Core/Src/main.c:1339:13:MX_SPI1_Init	2
../Core/Src/main.c:1379:13:MX_TIM1_Init	4
../Core/Src/main.c:1426:13:MX_TIM2_Init	8
../Core/Src/main.c:1500:13:MX_TIM16_Init	5
../Core/Src/main.c:1563:13:MX_USART1_UART_Init	5
../Core/Src/main.c:1609:13:MX_DMA_Init	1
../Core/Src/main.c:1631:13:MX_GPIO_Init	1
../Core/Src/main.c:1666:6:Error_Handler	1
